
 NX   Running targets lint, test, build, typecheck, check for 20 projects and 1 task they depend on:

- @evanion/nestjs-correlation-id
- storefront-rsc
- @evanion/doc-examples
- @evanion/astro-widget
- @evanion/baize-ui
- @evanion/react-widget
- @evanion/repo-checks
- storefront
- @evanion/nx-astro
- @evanion/react-acl
- @evanion/shop-api
- @evanion/compose
- @evanion/feature
- @evanion/widget
- @evanion/token
- admin
- @evanion/luhn
- docs
- @evanion/acl
- @evanion/urn



> nx run @evanion/baize-ui:build  [existing outputs match the cache, left as is]

> vite build

[36mvite v8.3.0 [32mbuilding client environment for production...[36m[39m
transforming...
[32m✓[0m 23 modules transformed.
(node:30348) [MODULE_TYPELESS_PACKAGE_JSON] Warning: Module type of file:///private/tmp/ppc-wt/postcss.config.ts?t=1789652862807 is not specified and it doesn't parse as CommonJS.
Reparsing as ES module because module syntax was detected. This incurs a performance overhead.
To eliminate this warning, add "type": "module" to /private/tmp/ppc-wt/package.json.
(Use `node --trace-warnings ...` to show where the warning was created)
rendering chunks...

[unplugin:dts] Start generate declaration files...
[unplugin:dts] Declaration files built in 927ms.

computing gzip size...
[2mdist/[0m[35mstyles.css                 [0m[1;2m31.82 kB[0m[2m │ gzip: 8.54 kB[0m
[2mdist/[0m[36mtokens/index.js            [0m[1;2m 4.59 kB[0m[2m │ gzip: 2.20 kB[0m
[2mdist/[0m[36mbox-art-scene-CHGcej-F.js  [0m[1;2m 5.07 kB[0m[2m │ gzip: 1.99 kB[0m
[2mdist/[0m[36mindex.js                   [0m[1;2m 7.58 kB[0m[2m │ gzip: 2.08 kB[0m

[32m✓ built in 1.15s[39m

> nx run @evanion/urn:build  [existing outputs match the cache, left as is]

> tsc --build tsconfig.lib.json


> nx run @evanion/widget:build  [existing outputs match the cache, left as is]

> tsc --build tsconfig.lib.json


> nx run @evanion/doc-examples:typecheck  [existing outputs match the cache, left as is]

> tsc --build tsconfig.json --emitDeclarationOnly


> nx run @evanion/compose:build  [existing outputs match the cache, left as is]

> vite build

[36mvite v8.3.0 [32mbuilding client environment for production...[36m[39m
transforming...
[32m✓[0m 4 modules transformed.
(node:30352) [MODULE_TYPELESS_PACKAGE_JSON] Warning: Module type of file:///private/tmp/ppc-wt/postcss.config.ts?t=1789652863089 is not specified and it doesn't parse as CommonJS.
Reparsing as ES module because module syntax was detected. This incurs a performance overhead.
To eliminate this warning, add "type": "module" to /private/tmp/ppc-wt/package.json.
(Use `node --trace-warnings ...` to show where the warning was created)
rendering chunks...

[unplugin:dts] Start generate declaration files...
[unplugin:dts] Declaration files built in 821ms.

computing gzip size...
[2mdist/[0m[36mindex.js  [0m[1;2m1.17 kB[0m[2m │ gzip: 0.63 kB[0m

[32m✓ built in 895ms[39m

> nx run @evanion/acl:build  [existing outputs match the cache, left as is]

> tsc --build tsconfig.lib.json


> nx run @evanion/luhn:build  [existing outputs match the cache, left as is]

> tsc --build tsconfig.lib.json


> nx run @evanion/widget:typecheck  [existing outputs match the cache, left as is]

> tsc --build --emitDeclarationOnly


> nx run @evanion/baize-ui:typecheck  [existing outputs match the cache, left as is]

> tsc --build --emitDeclarationOnly


> nx run @evanion/nestjs-correlation-id:build  [existing outputs match the cache, left as is]

> tsc --build tsconfig.lib.json


> nx run admin:typegen  [existing outputs match the cache, left as is]

> react-router typegen

(node:24459) [MODULE_TYPELESS_PACKAGE_JSON] Warning: Module type of file:///private/tmp/md-siblings/postcss.config.ts?t=1789648529065 is not specified and it doesn't parse as CommonJS.
Reparsing as ES module because module syntax was detected. This incurs a performance overhead.
To eliminate this warning, add "type": "module" to /private/tmp/md-siblings/package.json.
(Use `node --trace-warnings ...` to show where the warning was created)

> nx run @evanion/compose:typecheck  [existing outputs match the cache, left as is]

> tsc --build --emitDeclarationOnly


> nx run @evanion/nestjs-correlation-id:typecheck  [existing outputs match the cache, left as is]

> tsc --build --emitDeclarationOnly


> nx run @evanion/feature:build  [existing outputs match the cache, left as is]

> tsc --build tsconfig.lib.json


> nx run @evanion/doc-examples:lint  [existing outputs match the cache, left as is]

> eslint .


> nx run @evanion/widget:lint  [existing outputs match the cache, left as is]

> eslint .


> nx run @evanion/baize-ui:lint  [existing outputs match the cache, left as is]

> eslint .


> nx run @evanion/react-widget:lint  [existing outputs match the cache, left as is]

> eslint .


> nx run @evanion/urn:lint  [existing outputs match the cache, left as is]

> eslint .


> nx run @evanion/compose:lint  [existing outputs match the cache, left as is]

> eslint .


> nx run @evanion/acl:lint  [existing outputs match the cache, left as is]

> eslint .

[0m[0m
[0m[4m/private/tmp/ppc-wt/libs/acl/src/authoring.test.ts[24m[0m
[0m  [2m133:12[22m  [33mwarning[39m  Forbidden non-null assertion  [2m@typescript-eslint/no-non-null-assertion[22m[0m
[0m  [2m134:12[22m  [33mwarning[39m  Forbidden non-null assertion  [2m@typescript-eslint/no-non-null-assertion[22m[0m
[0m  [2m135:12[22m  [33mwarning[39m  Forbidden non-null assertion  [2m@typescript-eslint/no-non-null-assertion[22m[0m
[0m  [2m135:12[22m  [33mwarning[39m  Forbidden non-null assertion  [2m@typescript-eslint/no-non-null-assertion[22m[0m
[0m  [2m135:12[22m  [33mwarning[39m  Forbidden non-null assertion  [2m@typescript-eslint/no-non-null-assertion[22m[0m
[0m  [2m151:12[22m  [33mwarning[39m  Forbidden non-null assertion  [2m@typescript-eslint/no-non-null-assertion[22m[0m
[0m  [2m152:24[22m  [33mwarning[39m  Forbidden non-null assertion  [2m@typescript-eslint/no-non-null-assertion[22m[0m
[0m  [2m152:24[22m  [33mwarning[39m  Forbidden non-null assertion  [2m@typescript-eslint/no-non-null-assertion[22m[0m
[0m  [2m165:12[22m  [33mwarning[39m  Forbidden non-null assertion  [2m@typescript-eslint/no-non-null-assertion[22m[0m
[0m  [2m166:12[22m  [33mwarning[39m  Forbidden non-null assertion  [2m@typescript-eslint/no-non-null-assertion[22m[0m
[0m  [2m166:12[22m  [33mwarning[39m  Forbidden non-null assertion  [2m@typescript-eslint/no-non-null-assertion[22m[0m
[0m  [2m166:12[22m  [33mwarning[39m  Forbidden non-null assertion  [2m@typescript-eslint/no-non-null-assertion[22m[0m
[0m  [2m173:12[22m  [33mwarning[39m  Forbidden non-null assertion  [2m@typescript-eslint/no-non-null-assertion[22m[0m
[0m  [2m187:18[22m  [33mwarning[39m  Forbidden non-null assertion  [2m@typescript-eslint/no-non-null-assertion[22m[0m
[0m  [2m187:18[22m  [33mwarning[39m  Forbidden non-null assertion  [2m@typescript-eslint/no-non-null-assertion[22m[0m
[0m  [2m187:18[22m  [33mwarning[39m  Forbidden non-null assertion  [2m@typescript-eslint/no-non-null-assertion[22m[0m
[0m  [2m187:18[22m  [33mwarning[39m  Forbidden non-null assertion  [2m@typescript-eslint/no-non-null-assertion[22m[0m
[0m  [2m203:12[22m  [33mwarning[39m  Forbidden non-null assertion  [2m@typescript-eslint/no-non-null-assertion[22m[0m
[0m  [2m203:12[22m  [33mwarning[39m  Forbidden non-null assertion  [2m@typescript-eslint/no-non-null-assertion[22m[0m
[0m  [2m203:12[22m  [33mwarning[39m  Forbidden non-null assertion  [2m@typescript-eslint/no-non-null-assertion[22m[0m
[0m  [2m203:12[22m  [33mwarning[39m  Forbidden non-null assertion  [2m@typescript-eslint/no-non-null-assertion[22m[0m
[0m  [2m208:12[22m  [33mwarning[39m  Forbidden non-null assertion  [2m@typescript-eslint/no-non-null-assertion[22m[0m
[0m  [2m208:12[22m  [33mwarning[39m  Forbidden non-null assertion  [2m@typescript-eslint/no-non-null-assertion[22m[0m
[0m  [2m208:12[22m  [33mwarning[39m  Forbidden non-null assertion  [2m@typescript-eslint/no-non-null-assertion[22m[0m
[0m  [2m208:12[22m  [33mwarning[39m  Forbidden non-null assertion  [2m@typescript-eslint/no-non-null-assertion[22m[0m
[0m  [2m224:12[22m  [33mwarning[39m  Forbidden non-null assertion  [2m@typescript-eslint/no-non-null-assertion[22m[0m
[0m  [2m243:12[22m  [33mwarning[39m  Forbidden non-null assertion  [2m@typescript-eslint/no-non-null-assertion[22m[0m
[0m  [2m244:12[22m  [33mwarning[39m  Forbidden non-null assertion  [2m@typescript-eslint/no-non-null-assertion[22m[0m
[0m  [2m421:24[22m  [33mwarning[39m  Forbidden non-null assertion  [2m@typescript-eslint/no-non-null-assertion[22m[0m
[0m[0m
[0m[4m/private/tmp/ppc-wt/libs/acl/src/freshness.test.ts[24m[0m
[0m  [2m142:23[22m  [33mwarning[39m  '_dropped' is assigned a value but never used  [2m@typescript-eslint/no-unused-vars[22m[0m
[0m  [2m184:23[22m  [33mwarning[39m  '_dropped' is assigned a value but never used  [2m@typescript-eslint/no-unused-vars[22m[0m
[0m[0m
[0m[4m/private/tmp/ppc-wt/libs/acl/src/hydrate-policy.test.ts[24m[0m
[0m   [2m55:12[22m  [33mwarning[39m  Forbidden non-null assertion  [2m@typescript-eslint/no-non-null-assertion[22m[0m
[0m   [2m56:12[22m  [33mwarning[39m  Forbidden non-null assertion  [2m@typescript-eslint/no-non-null-assertion[22m[0m
[0m  [2m271:12[22m  [33mwarning[39m  Forbidden non-null assertion  [2m@typescript-eslint/no-non-null-assertion[22m[0m
[0m  [2m272:12[22m  [33mwarning[39m  Forbidden non-null assertion  [2m@typescript-eslint/no-non-null-assertion[22m[0m
[0m  [2m364:19[22m  [33mwarning[39m  Forbidden non-null assertion  [2m@typescript-eslint/no-non-null-assertion[22m[0m
[0m[0m
[0m[33m[1m✖ 36 problems (0 errors, 36 warnings)[22m[39m[0m
[0m[33m[1m[22m[39m[0m

> nx run @evanion/astro-widget:lint  [existing outputs match the cache, left as is]

> eslint .


> nx run @evanion/luhn:lint  [existing outputs match the cache, left as is]

> eslint .


> nx run @evanion/token:lint  [existing outputs match the cache, left as is]

> eslint .


> nx run @evanion/nestjs-correlation-id:lint  [existing outputs match the cache, left as is]

> eslint .


> nx run storefront:check  [existing outputs match the cache, left as is]

> astro check

[2m14:31:35[22m [34m[@astrojs/node][39m Enabling sessions with filesystem storage
(node:80955) [MODULE_TYPELESS_PACKAGE_JSON] Warning: Module type of file:///private/tmp/acl-surface/postcss.config.ts?t=1789648295986 is not specified and it doesn't parse as CommonJS.
Reparsing as ES module because module syntax was detected. This incurs a performance overhead.
To eliminate this warning, add "type": "module" to /private/tmp/acl-surface/package.json.
(Use `node --trace-warnings ...` to show where the warning was created)
[2m14:31:36[22m [34m[types][39m Generated [2m168ms[22m
[2m14:31:36[22m [34m[check][39m Getting diagnostics for Astro files in /private/tmp/acl-surface/apps/storefront...
[96msrc/pages/cart.astro[0m:[93m27[0m:[93m10[0m - [93mwarning[0m[90m ts(6133): [0m'safeBack' is declared but its value is never read.

[7m27[0m function safeBack(value: unknown): string {
[7m  [0m [93m         ~~~~~~~~[0m

[96m../../libs/urn/src/lib/urn.test-d.ts[0m:[93m95[0m:[93m22[0m - [93mwarning[0m[90m ts(6385): [0m'toMatchTypeOf' is deprecated.

[7m95[0m     expectTypeOf(ok).toMatchTypeOf<string>();
[7m  [0m [93m                     ~~~~~~~~~~~~~[0m
[96m../../libs/urn/src/lib/urn.test-d.ts[0m:[93m95[0m:[93m22[0m - [93mwarning[0m[90m ts(6385): [0m'(): true' is deprecated.

[7m95[0m     expectTypeOf(ok).toMatchTypeOf<string>();
[7m  [0m [93m                     ~~~~~~~~~~~~~[0m
[96m../../libs/urn/src/lib/urn.test-d.ts[0m:[93m81[0m:[93m34[0m - [93mwarning[0m[90m ts(6385): [0m'toMatchTypeOf' is deprecated.

[7m81[0m     expectTypeOf<InvalidError>().toMatchTypeOf<ValidationError>();
[7m  [0m [93m                                 ~~~~~~~~~~~~~[0m
[96m../../libs/urn/src/lib/urn.test-d.ts[0m:[93m81[0m:[93m34[0m - [93mwarning[0m[90m ts(6385): [0m'(): true' is deprecated.

[7m81[0m     expectTypeOf<InvalidError>().toMatchTypeOf<ValidationError>();
[7m  [0m [93m                                 ~~~~~~~~~~~~~[0m
[96m../../libs/urn/src/lib/urn.test-d.ts[0m:[93m39[0m:[93m31[0m - [93mwarning[0m[90m ts(6385): [0m'toMatchTypeOf' is deprecated.

[7m39[0m     expectTypeOf<ParsedURN>().toMatchTypeOf<URNParts>();
[7m  [0m [93m                              ~~~~~~~~~~~~~[0m
[96m../../libs/urn/src/lib/urn.test-d.ts[0m:[93m39[0m:[93m31[0m - [93mwarning[0m[90m ts(6385): [0m'(): true' is deprecated.

[7m39[0m     expectTypeOf<ParsedURN>().toMatchTypeOf<URNParts>();
[7m  [0m [93m                              ~~~~~~~~~~~~~[0m
[96m../../libs/urn/src/lib/urn.test-d.ts[0m:[93m31[0m:[93m31[0m - [93mwarning[0m[90m ts(6385): [0m'toMatchTypeOf' is deprecated.

[7m31[0m     expectTypeOf<ParsedURN>().toMatchTypeOf<URNComponents>();
[7m  [0m [93m                              ~~~~~~~~~~~~~[0m
[96m../../libs/urn/src/lib/urn.test-d.ts[0m:[93m31[0m:[93m31[0m - [93mwarning[0m[90m ts(6385): [0m'(): true' is deprecated.

[7m31[0m     expectTypeOf<ParsedURN>().toMatchTypeOf<URNComponents>();
[7m  [0m [93m                              ~~~~~~~~~~~~~[0m

[1mResult (110 files): [22m
[2m-[22m [2m0 errors[22m
[2m-[22m [2m0 warnings[22m
[2m-[22m [2m9 hints
[22m

> nx run @evanion/feature:lint  [existing outputs match the cache, left as is]

> eslint .


> nx run @evanion/react-acl:lint  [existing outputs match the cache, left as is]

> eslint .


> nx run storefront-rsc:lint  [existing outputs match the cache, left as is]

> eslint .


> nx run @evanion/shop-api:lint  [existing outputs match the cache, left as is]

> eslint .


> nx run storefront:lint  [existing outputs match the cache, left as is]

> eslint .


> nx run @evanion/repo-checks:lint  [existing outputs match the cache, left as is]

> eslint .


> nx run @evanion/nx-astro:lint  [existing outputs match the cache, left as is]

> eslint .

[0m[0m
[0m[4m/private/tmp/acl-surface/tools/nx-astro/src/index.test.ts[24m[0m
[0m  [2m30:21[22m  [33mwarning[39m  Forbidden non-null assertion  [2m@typescript-eslint/no-non-null-assertion[22m[0m
[0m  [2m30:21[22m  [33mwarning[39m  Forbidden non-null assertion  [2m@typescript-eslint/no-non-null-assertion[22m[0m
[0m  [2m30:21[22m  [33mwarning[39m  Forbidden non-null assertion  [2m@typescript-eslint/no-non-null-assertion[22m[0m
[0m  [2m38:12[22m  [33mwarning[39m  Forbidden non-null assertion  [2m@typescript-eslint/no-non-null-assertion[22m[0m
[0m  [2m39:12[22m  [33mwarning[39m  Forbidden non-null assertion  [2m@typescript-eslint/no-non-null-assertion[22m[0m
[0m  [2m40:12[22m  [33mwarning[39m  Forbidden non-null assertion  [2m@typescript-eslint/no-non-null-assertion[22m[0m
[0m  [2m41:12[22m  [33mwarning[39m  Forbidden non-null assertion  [2m@typescript-eslint/no-non-null-assertion[22m[0m
[0m  [2m42:12[22m  [33mwarning[39m  Forbidden non-null assertion  [2m@typescript-eslint/no-non-null-assertion[22m[0m
[0m  [2m43:12[22m  [33mwarning[39m  Forbidden non-null assertion  [2m@typescript-eslint/no-non-null-assertion[22m[0m
[0m  [2m78:21[22m  [33mwarning[39m  Forbidden non-null assertion  [2m@typescript-eslint/no-non-null-assertion[22m[0m
[0m  [2m78:21[22m  [33mwarning[39m  Forbidden non-null assertion  [2m@typescript-eslint/no-non-null-assertion[22m[0m
[0m  [2m78:21[22m  [33mwarning[39m  Forbidden non-null assertion  [2m@typescript-eslint/no-non-null-assertion[22m[0m
[0m  [2m79:12[22m  [33mwarning[39m  Forbidden non-null assertion  [2m@typescript-eslint/no-non-null-assertion[22m[0m
[0m[0m
[0m[33m[1m✖ 13 problems (0 errors, 13 warnings)[22m[39m[0m
[0m[33m[1m[22m[39m[0m

> nx run @evanion/nx-astro:test  [existing outputs match the cache, left as is]

> vitest


 RUN  v4.1.9 /private/tmp/acl-surface/tools/nx-astro

(node:88668) [MODULE_TYPELESS_PACKAGE_JSON] Warning: Module type of file:///private/tmp/acl-surface/postcss.config.ts?t=1789648321882 is not specified and it doesn't parse as CommonJS.
Reparsing as ES module because module syntax was detected. This incurs a performance overhead.
To eliminate this warning, add "type": "module" to /private/tmp/acl-surface/package.json.
(Use `node --trace-warnings ...` to show where the warning was created)
 ✓ |@evanion/nx-astro| src/index.test.ts (3 tests) 6ms

 Test Files  1 passed (1)
      Tests  3 passed (3)
   Start at  14:32:01
   Duration  261ms (transform 20ms, setup 0ms, import 162ms, tests 6ms, environment 0ms)


> nx run @evanion/nx-astro:typecheck  [existing outputs match the cache, left as is]

> tsc --build tsconfig.json --emitDeclarationOnly


> nx run @evanion/feature:typecheck  [existing outputs match the cache, left as is]

> tsc --build --emitDeclarationOnly


> nx run @evanion/react-widget:build  [existing outputs match the cache, left as is]

> vite build

[36mvite v8.3.0 [32mbuilding client environment for production...[36m[39m
transforming...
[32m✓[0m 6 modules transformed.
rendering chunks...
(node:30351) [MODULE_TYPELESS_PACKAGE_JSON] Warning: Module type of file:///private/tmp/ppc-wt/postcss.config.ts?t=1789652863180 is not specified and it doesn't parse as CommonJS.
Reparsing as ES module because module syntax was detected. This incurs a performance overhead.
To eliminate this warning, add "type": "module" to /private/tmp/ppc-wt/package.json.
(Use `node --trace-warnings ...` to show where the warning was created)

[unplugin:dts] Start generate declaration files...
[unplugin:dts] Declaration files built in 873ms.

computing gzip size...
[2mdist/[0m[36mindex.js  [0m[1;2m2.11 kB[0m[2m │ gzip: 0.94 kB[0m

[32m✓ built in 959ms[39m

> nx run @evanion/astro-widget:build  [existing outputs match the cache, left as is]

> vite build

[36mvite v8.3.0 [32mbuilding client environment for production...[36m[39m
transforming...
[32m✓[0m 2 modules transformed.
rendering chunks...
(node:30369) [MODULE_TYPELESS_PACKAGE_JSON] Warning: Module type of file:///private/tmp/ppc-wt/postcss.config.ts?t=1789652864626 is not specified and it doesn't parse as CommonJS.
Reparsing as ES module because module syntax was detected. This incurs a performance overhead.
To eliminate this warning, add "type": "module" to /private/tmp/ppc-wt/package.json.
(Use `node --trace-warnings ...` to show where the warning was created)

[unplugin:dts] Start generate declaration files...
[unplugin:dts] Declaration files built in 1043ms.

computing gzip size...
[2mdist/[0m[36mindex.js  [0m[1;2m0.21 kB[0m[2m │ gzip: 0.15 kB[0m

[32m✓ built in 1.12s[39m

> nx run @evanion/token:build  [existing outputs match the cache, left as is]

> tsc --build tsconfig.lib.json


> nx run @evanion/react-widget:typecheck  [existing outputs match the cache, left as is]

> tsc --build --emitDeclarationOnly


> nx run @evanion/urn:typecheck  [existing outputs match the cache, left as is]

> tsc --build --emitDeclarationOnly


> nx run @evanion/astro-widget:typecheck  [existing outputs match the cache, left as is]

> tsc --build --emitDeclarationOnly


> nx run @evanion/acl:typecheck  [existing outputs match the cache, left as is]

> tsc --build --emitDeclarationOnly


> nx run @evanion/luhn:typecheck  [existing outputs match the cache, left as is]

> tsc --build --emitDeclarationOnly


> nx run @evanion/shop-api:build  [existing outputs match the cache, left as is]

> webpack-cli build

webpack compiled [1m[32msuccessfully[39m[22m (1a12400036a8aaf3)

> nx run @evanion/react-acl:build  [existing outputs match the cache, left as is]

> vite build

[36mvite v8.3.0 [32mbuilding client environment for production...[36m[39m
transforming...
(node:37634) [MODULE_TYPELESS_PACKAGE_JSON] Warning: Module type of file:///private/tmp/ppc-wt/postcss.config.ts?t=1789652991992 is not specified and it doesn't parse as CommonJS.
Reparsing as ES module because module syntax was detected. This incurs a performance overhead.
To eliminate this warning, add "type": "module" to /private/tmp/ppc-wt/package.json.
(Use `node --trace-warnings ...` to show where the warning was created)
[32m✓[0m 2 modules transformed.
rendering chunks...

[unplugin:dts] Start generate declaration files...
[unplugin:dts] Declaration files built in 541ms.

computing gzip size...
[2mdist/[0m[36mindex.js  [0m[1;2m1.27 kB[0m[2m │ gzip: 0.54 kB[0m

[32m✓ built in 685ms[39m

> nx run @evanion/widget:test  [existing outputs match the cache, left as is]

> vitest

Testing types with tsc and vue-tsc is an experimental feature.
Breaking changes might not follow SemVer, please pin Vitest's version when using it.

 RUN  v4.1.9 /private/tmp/acl-surface/libs/widget

(node:73207) [MODULE_TYPELESS_PACKAGE_JSON] Warning: Module type of file:///private/tmp/acl-surface/postcss.config.ts?t=1789648241889 is not specified and it doesn't parse as CommonJS.
Reparsing as ES module because module syntax was detected. This incurs a performance overhead.
To eliminate this warning, add "type": "module" to /private/tmp/acl-surface/package.json.
(Use `node --trace-warnings ...` to show where the warning was created)
 ✓ |@evanion/widget| src/warn.test.ts (3 tests) 4ms
 ✓ |@evanion/widget| src/validate-items.test.ts (36 tests) 10ms
 ✓ |@evanion/widget| src/define-widgets.test.ts (2 tests) 3ms
 ✓ |@evanion/widget|  TS  src/define-widgets.test-d.ts (1 test)

 Test Files  4 passed (4)
      Tests  42 passed (42)
Type Errors  no errors
   Start at  14:30:41
   Duration  2.01s (transform 268ms, setup 0ms, import 342ms, tests 18ms, environment 0ms, typecheck 1.53s)


> nx run @evanion/baize-ui:test  [existing outputs match the cache, left as is]

> vitest

Testing types with tsc and vue-tsc is an experimental feature.
Breaking changes might not follow SemVer, please pin Vitest's version when using it.

 RUN  v4.1.9 /private/tmp/acl-surface/internal/baize-ui

(node:73434) [MODULE_TYPELESS_PACKAGE_JSON] Warning: Module type of file:///private/tmp/acl-surface/postcss.config.ts?t=1789648246808 is not specified and it doesn't parse as CommonJS.
Reparsing as ES module because module syntax was detected. This incurs a performance overhead.
To eliminate this warning, add "type": "module" to /private/tmp/acl-surface/package.json.
(Use `node --trace-warnings ...` to show where the warning was created)
 ✓ |@evanion/baize-ui:react-server| src/rsc.server.test.tsx (2 tests) 4ms
 ✓ |@evanion/baize-ui| src/react-imports.test.ts (74 tests) 11ms
 ✓ |@evanion/baize-ui| src/tokens-generated.test.ts (1 test) 3ms
 ✓ |@evanion/baize-ui| src/styles.test.ts (7 tests) 5ms
 ✓ |@evanion/baize-ui| src/tokens/tokens.test.ts (72 tests) 18ms
 ✓ |@evanion/baize-ui| src/components/components.test.tsx (22 tests) 369ms
 ✓ |@evanion/baize-ui|  TS  src/props.test-d.tsx (5 tests)

 Test Files  7 passed (7)
      Tests  183 passed (183)
Type Errors  no errors
   Start at  14:30:47
   Duration  6.66s (transform 1.14s, setup 0ms, import 1.92s, tests 410ms, environment 8.26s, typecheck 3.71s)


> nx run @evanion/urn:test  [existing outputs match the cache, left as is]

> vitest

Testing types with tsc and vue-tsc is an experimental feature.
Breaking changes might not follow SemVer, please pin Vitest's version when using it.

 RUN  v4.1.9 /private/tmp/md-siblings/libs/urn

(node:24568) [MODULE_TYPELESS_PACKAGE_JSON] Warning: Module type of file:///private/tmp/md-siblings/postcss.config.ts?t=1789648533626 is not specified and it doesn't parse as CommonJS.
Reparsing as ES module because module syntax was detected. This incurs a performance overhead.
To eliminate this warning, add "type": "module" to /private/tmp/md-siblings/package.json.
(Use `node --trace-warnings ...` to show where the warning was created)
 ✓ |@evanion/urn| src/lib/types.ts (1 test) 11ms
 ✓ |@evanion/urn| src/lib/urn.ts (9 tests) 8ms
 ✓ |@evanion/urn| README.md (12 tests) 6ms
 ✓ |@evanion/urn| src/lib/urn.spec.ts (104 tests) 20ms
 ✓ |@evanion/urn|  TS  src/lib/urn.test-d.ts (13 tests)

 Test Files  5 passed (5)
      Tests  139 passed (139)
Type Errors  no errors
   Start at  14:35:33
   Duration  1.28s (transform 512ms, setup 0ms, import 818ms, tests 46ms, environment 0ms, typecheck 844ms)


> nx run @evanion/compose:test  [existing outputs match the cache, left as is]

> vitest

Testing types with tsc and vue-tsc is an experimental feature.
Breaking changes might not follow SemVer, please pin Vitest's version when using it.

 RUN  v4.1.9 /private/tmp/acl-surface/libs/compose

(node:74268) [MODULE_TYPELESS_PACKAGE_JSON] Warning: Module type of file:///private/tmp/acl-surface/postcss.config.ts?t=1789648271222 is not specified and it doesn't parse as CommonJS.
Reparsing as ES module because module syntax was detected. This incurs a performance overhead.
To eliminate this warning, add "type": "module" to /private/tmp/acl-surface/package.json.
(Use `node --trace-warnings ...` to show where the warning was created)
 ✓ |@evanion/compose| src/react-server.test.ts (2 tests) 395ms
     ✓ imports and renders under the react-server condition  340ms
 ✓ |@evanion/compose| src/Compose.test.tsx (21 tests) 386ms
 ✓ |@evanion/compose|  TS  src/Compose.test-d.tsx (28 tests)

 Test Files  3 passed (3)
      Tests  51 passed (51)
Type Errors  no errors
   Start at  14:31:11
   Duration  12.38s (transform 1.19s, setup 2.99s, import 1.69s, tests 781ms, environment 7.18s, typecheck 5.38s)


> nx run @evanion/acl:test  [existing outputs match the cache, left as is]

> vitest

Testing types with tsc and vue-tsc is an experimental feature.
Breaking changes might not follow SemVer, please pin Vitest's version when using it.

 RUN  v4.1.9 /private/tmp/ppc-wt/libs/acl

(node:36542) [MODULE_TYPELESS_PACKAGE_JSON] Warning: Module type of file:///private/tmp/ppc-wt/postcss.config.ts?t=1789652969137 is not specified and it doesn't parse as CommonJS.
Reparsing as ES module because module syntax was detected. This incurs a performance overhead.
To eliminate this warning, add "type": "module" to /private/tmp/ppc-wt/package.json.
(Use `node --trace-warnings ...` to show where the warning was created)
 ✓ |@evanion/acl| src/fields.test.ts (31 tests) 16ms
 ✓ |@evanion/acl| src/security/tier2-primitives.test.ts (26 tests) 9ms
 ✓ |@evanion/acl| src/schema.test.ts (33 tests) 10ms
 ✓ |@evanion/acl| src/hydrate-policy.test.ts (25 tests) 13ms
 ✓ |@evanion/acl| src/serialize.test.ts (19 tests) 12ms
 ✓ |@evanion/acl| README.md (20 tests) 181ms
 ✓ |@evanion/acl| src/security/tier1-prevented.test.ts (94 tests) 143ms
 ✓ |@evanion/acl| src/authoring.test.ts (27 tests) 7ms
 ✓ |@evanion/acl| src/conditions.test.ts (17 tests) 8ms
 ✓ |@evanion/acl| src/totality.test.ts (3 tests) 231ms
 ✓ |@evanion/acl| src/security/tier3-contract.test.ts (19 tests) 7ms
 ✓ |@evanion/acl| src/freshness.test.ts (20 tests) 5ms
 ✓ |@evanion/acl| src/validate.test.ts (33 tests) 14ms
 ✓ |@evanion/acl| src/evaluate.test.ts (23 tests) 5ms
 ✓ |@evanion/acl| src/parse-matrix.test.ts (12 tests) 6ms
 ✓ |@evanion/acl| src/deny-overlay.test.ts (475 tests) 320ms
 ✓ |@evanion/acl| src/reads-object.test.ts (12 tests) 4ms
 ✓ |@evanion/acl| src/errors.test.ts (8 tests) 4ms
 ✓ |@evanion/acl| src/index.test.ts (2 tests) 3ms
 ✓ |@evanion/acl|  TS  src/authoring.test-d.ts (15 tests)
 ✓ |@evanion/acl|  TS  src/types.test-d.ts (9 tests)

 Test Files  21 passed (21)
      Tests  923 passed (923)
Type Errors  no errors
   Start at  15:49:29
   Duration  2.05s (transform 1.97s, setup 0ms, import 2.91s, tests 998ms, environment 1ms, typecheck 1.20s)


> nx run @evanion/luhn:test  [existing outputs match the cache, left as is]

> vitest


 RUN  v4.1.9 /private/tmp/md-siblings/libs/luhn

(node:24798) [MODULE_TYPELESS_PACKAGE_JSON] Warning: Module type of file:///private/tmp/md-siblings/postcss.config.ts?t=1789648537562 is not specified and it doesn't parse as CommonJS.
Reparsing as ES module because module syntax was detected. This incurs a performance overhead.
To eliminate this warning, add "type": "module" to /private/tmp/md-siblings/package.json.
(Use `node --trace-warnings ...` to show where the warning was created)
 ✓ |@evanion/luhn| src/lib/exceptions.spec.ts (7 tests) 5ms
 ✓ |@evanion/luhn| src/lib/luhn.ts (2 tests) 4ms
 ✓ |@evanion/luhn| src/lib/docs.spec.ts (7 tests) 5ms
 ✓ |@evanion/luhn| README.md (9 tests) 4ms
 ✓ |@evanion/luhn| src/lib/luhn.spec.ts (50 tests) 157ms

 Test Files  5 passed (5)
      Tests  75 passed (75)
   Start at  14:35:37
   Duration  478ms (transform 625ms, setup 0ms, import 719ms, tests 176ms, environment 1ms)


> nx run @evanion/nestjs-correlation-id:test  [existing outputs match the cache, left as is]

> vitest


 RUN  v4.1.9 /private/tmp/acl-surface/libs/nestjs-correlation-id

(node:80848) [MODULE_TYPELESS_PACKAGE_JSON] Warning: Module type of file:///private/tmp/acl-surface/postcss.config.ts?t=1789648293440 is not specified and it doesn't parse as CommonJS.
Reparsing as ES module because module syntax was detected. This incurs a performance overhead.
To eliminate this warning, add "type": "module" to /private/tmp/acl-surface/package.json.
(Use `node --trace-warnings ...` to show where the warning was created)
 ✓ src/withCorrelation.function.spec.ts (8 tests) 5ms
 ✓ src/correlation-id.middleware.spec.ts (13 tests) 7ms
 ✓ src/correlation.module.spec.ts (5 tests) 127ms
 ✓ src/correlation.service.spec.ts (11 tests) 174ms
 ✓ src/correlation.e2e.spec.ts (9 tests) 160ms

 Test Files  5 passed (5)
      Tests  46 passed (46)
   Start at  14:31:33
   Duration  798ms (transform 391ms, setup 0ms, import 1.98s, tests 472ms, environment 1ms)


> nx run @evanion/feature:test  [existing outputs match the cache, left as is]

> vitest

(node:87983) [MODULE_TYPELESS_PACKAGE_JSON] Warning: Module type of file:///private/tmp/acl-surface/postcss.config.ts?t=1789648317804 is not specified and it doesn't parse as CommonJS.
Reparsing as ES module because module syntax was detected. This incurs a performance overhead.
To eliminate this warning, add "type": "module" to /private/tmp/acl-surface/package.json.
(Use `node --trace-warnings ...` to show where the warning was created)

 RUN  v4.1.9 /private/tmp/acl-surface/libs/feature

 ✓ |@evanion/feature| src/lib/graph.spec.ts (7 tests) 3ms
 ✓ |@evanion/feature| src/lib/reason-is-output-only.spec.ts (6 tests) 4ms
 ✓ |@evanion/feature| src/lib/conditions.spec.ts (16 tests) 37ms
 ✓ |@evanion/feature| src/lib/bucketing.spec.ts (9 tests) 60ms
 ✓ |@evanion/feature| src/lib/features.spec.ts (32 tests) 23ms
 ✓ |@evanion/feature:react| src/react/react.spec.tsx (13 tests) 64ms

 Test Files  6 passed (6)
      Tests  83 passed (83)
   Start at  14:31:58
   Duration  1.17s (transform 446ms, setup 55ms, import 659ms, tests 192ms, environment 746ms)


> nx run admin:lint  [existing outputs match the cache, left as is]

> eslint .


> nx run storefront-rsc:build  [existing outputs match the cache, left as is]

> next build

[1m[38;2;173;127;168m▲ Next.js 16.3.4[39m[22m (Turbopack)
[32m[1m✓[22m[39m Running next.config.ts took 28ms

[37m[1m [22m[39m Creating an optimized production build ...
[32m[1m✓[22m[39m Compiled successfully in 464ms
[37m[1m [22m[39m Running TypeScript ...
[37m[1m [22m[39m Finished TypeScript in 1821ms ...
[37m[1m [22m[39m Collecting page data using 4 workers ...
[37m[1m [22m[39m Generating static pages using 4 workers (0/3) ...
[32m[1m✓[22m[39m Generating static pages using 4 workers (3/3) in 309ms
[37m[1m [22m[39m Finalizing page optimization ...

[4mRoute (app)[24m
┌ ƒ /
└ ○ /_not-found


○  (Static)   prerendered as static content
ƒ  (Dynamic)  server-rendered on demand


> nx run storefront:build  [local cache]

> astro build

[2m15:47:46[22m [34m[@astrojs/node][39m Enabling sessions with filesystem storage
(node:30452) [MODULE_TYPELESS_PACKAGE_JSON] Warning: Module type of file:///private/tmp/ppc-wt/postcss.config.ts?t=1789652866266 is not specified and it doesn't parse as CommonJS.
Reparsing as ES module because module syntax was detected. This incurs a performance overhead.
To eliminate this warning, add "type": "module" to /private/tmp/ppc-wt/package.json.
(Use `node --trace-warnings ...` to show where the warning was created)
[2m15:47:46[22m [34m[types][39m Generated [2m168ms[22m
[2m15:47:46[22m [34m[build][39m output: [34m"server"[39m
[2m15:47:46[22m [34m[build][39m mode: [34m"server"[39m
[2m15:47:46[22m [34m[build][39m directory: [34m/private/tmp/ppc-wt/apps/storefront/dist/[39m
[2m15:47:46[22m [34m[build][39m adapter: [32m@astrojs/node[39m
[2m15:47:46[22m [34m[build][39m Collecting build info...
[2m15:47:46[22m [34m[build][39m [32m✓ Completed in 183ms.[39m
[2m15:47:46[22m [34m[build][39m Building server entrypoints...
[2m15:47:46[22m [34m[vite][39m [32m✓ built in 512ms[39m
[2m15:47:47[22m [34m[vite][39m [32m✓ built in 702ms[39m
[2m15:47:47[22m [34m[vite][39m [32m✓ built in 44ms[39m
[2m15:47:47[22m [34m[build][39m Rearranging server assets...
[2m15:47:47[22m [34m[build][39m [32m✓ Completed in 1.29s.[39m
[2m15:47:47[22m [34m[build][39m Server built in [1m1.47s[22m
[2m15:47:47[22m [34m[build][39m [1mComplete![22m

> nx run admin:build  [existing outputs match the cache, left as is]

> react-router build

Using Vite Environment API
(node:30535) [MODULE_TYPELESS_PACKAGE_JSON] Warning: Module type of file:///private/tmp/ppc-wt/postcss.config.ts?t=1789652870377 is not specified and it doesn't parse as CommonJS.
Reparsing as ES module because module syntax was detected. This incurs a performance overhead.
To eliminate this warning, add "type": "module" to /private/tmp/ppc-wt/package.json.
(Use `node --trace-warnings ...` to show where the warning was created)
[36mvite v8.3.0 [32mbuilding client environment for production...[36m[39m
transforming...
[32m✓[0m 111 modules transformed.
rendering chunks...
computing gzip size...
[2mbuild/client/[0m[32m.vite/manifest.json                 [0m[1;2m  4.06 kB[0m[2m │ gzip:  0.70 kB[0m
[2mbuild/client/[0m[2massets/[0m[35mlayout-Dkl2GjO1.css          [0m[1;2m  3.47 kB[0m[2m │ gzip:  1.02 kB[0m
[2mbuild/client/[0m[2massets/[0m[35mstyles-8JOiKd-f.css          [0m[1;2m 19.57 kB[0m[2m │ gzip:  4.12 kB[0m
[2mbuild/client/[0m[2massets/[0m[36mshelf-D9wwCzS_.js            [0m[1;2m  0.92 kB[0m[2m │ gzip:  0.54 kB[0m
[2mbuild/client/[0m[2massets/[0m[36mproviders-CGhqzBMt.js        [0m[1;2m  0.93 kB[0m[2m │ gzip:  0.48 kB[0m
[2mbuild/client/[0m[2massets/[0m[36morders-BC1oznNR.js           [0m[1;2m  1.23 kB[0m[2m │ gzip:  0.69 kB[0m
[2mbuild/client/[0m[2massets/[0m[36mroot-DN7TZHZT.js             [0m[1;2m  1.23 kB[0m[2m │ gzip:  0.67 kB[0m
[2mbuild/client/[0m[2massets/[0m[36mledger-DiGondvg.js           [0m[1;2m  2.99 kB[0m[2m │ gzip:  1.00 kB[0m
[2mbuild/client/[0m[2massets/[0m[36mdist-DIgp0KI6.js             [0m[1;2m  3.25 kB[0m[2m │ gzip:  1.35 kB[0m
[2mbuild/client/[0m[2massets/[0m[36mtitle-Cvg0F3fM.js            [0m[1;2m  3.74 kB[0m[2m │ gzip:  1.59 kB[0m
[2mbuild/client/[0m[2massets/[0m[36mshell-zIcpIHNU.js            [0m[1;2m  3.87 kB[0m[2m │ gzip:  1.55 kB[0m
[2mbuild/client/[0m[2massets/[0m[36mdashboard-5ptLEAfy.js        [0m[1;2m  4.50 kB[0m[2m │ gzip:  1.67 kB[0m
[2mbuild/client/[0m[2massets/[0m[36mcatalogue-D1W6f74l.js        [0m[1;2m  8.13 kB[0m[2m │ gzip:  3.42 kB[0m
[2mbuild/client/[0m[2massets/[0m[36mlib-BCfsZIYU.js              [0m[1;2m 10.22 kB[0m[2m │ gzip:  4.07 kB[0m
[2mbuild/client/[0m[2massets/[0m[36merrorBoundaries-ChFtoCll.js  [0m[1;2m 33.33 kB[0m[2m │ gzip: 11.66 kB[0m
[2mbuild/client/[0m[2massets/[0m[36mjsx-runtime-CrRyCA9H.js      [0m[1;2m 85.82 kB[0m[2m │ gzip: 28.56 kB[0m
[2mbuild/client/[0m[2massets/[0m[36mentry.client-DI6eBv9i.js     [0m[1;2m214.72 kB[0m[2m │ gzip: 67.17 kB[0m

[32m✓ built in 386ms[39m
[36mvite v8.3.0 [32mbuilding ssr environment for production...[36m[39m
transforming...
[32m✓[0m 37 modules transformed.
rendering chunks...

[32m✓[39m 2 assets cleaned from React Router server build.
[2mbuild/client/assets/layout-Dkl2GjO1.css[22m
[2mbuild/client/assets/styles-8JOiKd-f.css[22m

computing gzip size...
[2mbuild/server/[0m[32m.vite/manifest.json         [0m[1;2m 0.59 kB[0m[2m │ gzip:  0.24 kB[0m
[2mbuild/server/[0m[2massets/[0m[35mlayout-Dkl2GjO1.css  [0m[1;2m 3.47 kB[0m[2m │ gzip:  1.02 kB[0m
[2mbuild/server/[0m[2massets/[0m[35mstyles-8JOiKd-f.css  [0m[1;2m19.57 kB[0m[2m │ gzip:  4.12 kB[0m
[2mbuild/server/[0m[36mindex.js                    [0m[1;2m88.21 kB[0m[2m │ gzip: 25.59 kB[0m

[32m✓ built in 78ms[39m

> nx run @evanion/react-widget:test  [existing outputs match the cache, left as is]

> vitest

Testing types with tsc and vue-tsc is an experimental feature.
Breaking changes might not follow SemVer, please pin Vitest's version when using it.

 RUN  v4.1.9 /private/tmp/acl-surface/libs/react-widget

(node:73667) [MODULE_TYPELESS_PACKAGE_JSON] Warning: Module type of file:///private/tmp/acl-surface/postcss.config.ts?t=1789648254971 is not specified and it doesn't parse as CommonJS.
Reparsing as ES module because module syntax was detected. This incurs a performance overhead.
To eliminate this warning, add "type": "module" to /private/tmp/acl-surface/package.json.
(Use `node --trace-warnings ...` to show where the warning was created)
 ✓ |@evanion/react-widget| src/malformed-items.test.tsx (6 tests) 121ms
 ✓ |@evanion/react-widget| src/performance.test.tsx (7 tests) 137ms
stderr | src/widget.test.tsx > Widget System - Basic Usage > should skip unknown widget types
Unknown widget type "unknownType" for widget ID "unknown". Skipping render.

 ✓ |@evanion/react-widget| src/widgets.test.tsx (8 tests) 523ms
     ✓ should pass through HTML props to DefaultWrapper  335ms
 ✓ |@evanion/react-widget| src/regressions.test.tsx (12 tests) 224ms
 ✓ |@evanion/react-widget| src/widget.test.tsx (12 tests) 344ms
 ✓ |@evanion/react-widget| src/integration.test.tsx (4 tests) 382ms
 ✓ |@evanion/react-widget| src/meta.test.tsx (5 tests) 436ms
 ✓ |@evanion/react-widget:react-server| src/rsc.server.test.tsx (5 tests) 6ms
 ✓ |@evanion/react-widget| src/streaming.test.tsx (5 tests) 891ms
     ✓ costs fewer bytes without the boundaries  321ms
 ✓ |@evanion/react-widget| src/suspense.test.tsx (8 tests) 2055ms
     ✓ shows chrome.suspenseFallback while a widget suspends  361ms
     ✓ lets an instance override the factory suspenseFallback  307ms
     ✓ cannot be stripped by a custom chrome.item  308ms
     ✓ isolates suspension per widget, so a resolved sibling renders immediately  319ms
     ✓ lets a suspension escape the region under chrome.suspense: none  352ms
     ✓ renders nothing rather than a placeholder when no fallback is configured  324ms
 ✓ |@evanion/react-widget| src/ssr.test.tsx (2 tests) 121ms
 ✓ |@evanion/react-widget| src/wrapper-items.test.tsx (4 tests) 31ms
 ✓ |@evanion/react-widget| src/ctx.test.tsx (5 tests) 224ms
 ✓ |@evanion/react-widget| src/warn.test.tsx (3 tests) 164ms
 ✓ |@evanion/react-widget|  TS  src/types.test-d.tsx (22 tests)

 Test Files  15 passed (15)
      Tests  108 passed (108)
Type Errors  no errors
   Start at  14:30:55
   Duration  15.84s (transform 4.57s, setup 8.11s, import 6.62s, tests 5.66s, environment 26.18s, typecheck 8.72s)


> nx run @evanion/astro-widget:test  [existing outputs match the cache, left as is]

> vitest

Testing types with tsc and vue-tsc is an experimental feature.
Breaking changes might not follow SemVer, please pin Vitest's version when using it.
Testing types with tsc and vue-tsc is an experimental feature.
Breaking changes might not follow SemVer, please pin Vitest's version when using it.
[33m[1m14:31:18[22m [WARN][39m Missing pages directory: src/pages

 RUN  v4.1.9 /private/tmp/acl-surface/libs/astro-widget

(node:74324) [MODULE_TYPELESS_PACKAGE_JSON] Warning: Module type of file:///private/tmp/acl-surface/postcss.config.ts?t=1789648279099 is not specified and it doesn't parse as CommonJS.
Reparsing as ES module because module syntax was detected. This incurs a performance overhead.
To eliminate this warning, add "type": "module" to /private/tmp/acl-surface/package.json.
(Use `node --trace-warnings ...` to show where the warning was created)
 ✓ |@evanion/astro-widget:astro| src/components/Widgets.astro.test.ts (12 tests) 38ms

 Test Files  1 passed (1)
      Tests  12 passed (12)
Type Errors  no errors
   Start at  14:31:19
   Duration  4.68s (transform 2.95s, setup 0ms, import 4.01s, tests 38ms, environment 0ms)


> nx run @evanion/token:test  [existing outputs match the cache, left as is]

> vitest


 RUN  v4.1.9 /private/tmp/md-siblings/libs/token

(node:24799) [MODULE_TYPELESS_PACKAGE_JSON] Warning: Module type of file:///private/tmp/md-siblings/postcss.config.ts?t=1789648537980 is not specified and it doesn't parse as CommonJS.
Reparsing as ES module because module syntax was detected. This incurs a performance overhead.
To eliminate this warning, add "type": "module" to /private/tmp/md-siblings/package.json.
(Use `node --trace-warnings ...` to show where the warning was created)
 ✓ |@evanion/token| src/lib/exceptions.spec.ts (9 tests) 5ms
 ✓ |@evanion/token| README.md (5 tests) 3ms
 ✓ |@evanion/token| src/lib/token.ts (1 test) 3ms
 ✓ |@evanion/token| src/lib/docs.spec.ts (22 tests) 20ms
 ✓ |@evanion/token| src/lib/token.spec.ts (37 tests) 513ms
     ✓ should draw every character within 10% of 1/n over 100,000 codes  352ms

 Test Files  5 passed (5)
      Tests  74 passed (74)
   Start at  14:35:37
   Duration  891ms (transform 880ms, setup 0ms, import 992ms, tests 543ms, environment 0ms)


> nx run @evanion/token:typecheck  [existing outputs match the cache, left as is]

> tsc --build --emitDeclarationOnly


> nx run @evanion/react-acl:test  [existing outputs match the cache, left as is]

> vitest

Testing types with tsc and vue-tsc is an experimental feature.
Breaking changes might not follow SemVer, please pin Vitest's version when using it.

 RUN  v4.1.9 /private/tmp/ppc-wt/libs/react-acl

(node:39635) [MODULE_TYPELESS_PACKAGE_JSON] Warning: Module type of file:///private/tmp/ppc-wt/postcss.config.ts?t=1789653001083 is not specified and it doesn't parse as CommonJS.
Reparsing as ES module because module syntax was detected. This incurs a performance overhead.
To eliminate this warning, add "type": "module" to /private/tmp/ppc-wt/package.json.
(Use `node --trace-warnings ...` to show where the warning was created)
 ✓ |@evanion/react-acl| src/index.test.tsx (7 tests) 43ms
 ✓ |@evanion/react-acl|  TS  src/types.test-d.tsx (11 tests)

 Test Files  2 passed (2)
      Tests  18 passed (18)
Type Errors  no errors
   Start at  15:50:01
   Duration  3.28s (transform 146ms, setup 197ms, import 194ms, tests 43ms, environment 1.14s, typecheck 1.56s)


> nx run @evanion/repo-checks:typecheck  [existing outputs match the cache, left as is]

> tsc --build tsconfig.json --emitDeclarationOnly


> nx run @evanion/shop-api:test  [existing outputs match the cache, left as is]

> vitest


 RUN  v4.1.9 /private/tmp/md-siblings/apps/shop-api

(node:30139) [MODULE_TYPELESS_PACKAGE_JSON] Warning: Module type of file:///private/tmp/md-siblings/postcss.config.ts?t=1789648554279 is not specified and it doesn't parse as CommonJS.
Reparsing as ES module because module syntax was detected. This incurs a performance overhead.
To eliminate this warning, add "type": "module" to /private/tmp/md-siblings/package.json.
(Use `node --trace-warnings ...` to show where the warning was created)
 ✓ src/domain/expansion.urn.spec.ts (4 tests) 5ms
 ✓ src/telemetry/telemetry.service.spec.ts (4 tests) 3ms
 ✓ src/orders/inventory-client.service.spec.ts (5 tests) 4ms
 ✓ src/orders/orders.service.spec.ts (8 tests) 20ms
 ✓ src/games/games.controller.spec.ts (2 tests) 236ms
 ✓ src/telemetry/telemetry.controller.spec.ts (2 tests) 186ms
 ✓ src/orders/orders.controller.spec.ts (1 test) 149ms
 ✓ src/inventory/inventory.controller.spec.ts (2 tests) 117ms
 ✓ src/inventory/inventory.service.spec.ts (2 tests) 4ms
 ✓ src/games/games.service.spec.ts (3 tests) 4ms
 ✓ src/domain/game.urn.spec.ts (2 tests) 4ms
 ✓ src/domain/order.urn.spec.ts (2 tests) 3ms
 ✓ src/orders/orders.e2e.spec.ts (4 tests) 761ms

 Test Files  13 passed (13)
      Tests  41 passed (41)
   Start at  14:35:54
   Duration  1.07s (transform 1.72s, setup 0ms, import 4.73s, tests 1.50s, environment 1ms)


> nx run admin:typecheck  [existing outputs match the cache, left as is]

> tsc --build --emitDeclarationOnly


> nx run @evanion/react-acl:typecheck  [existing outputs match the cache, left as is]

> tsc --build --emitDeclarationOnly


> nx run @evanion/shop-api:typecheck  [existing outputs match the cache, left as is]

> tsc --build --emitDeclarationOnly


> nx run storefront:typecheck  [existing outputs match the cache, left as is]

> echo "The 'typecheck' target is disabled because one or more project references set 'noEmit: true' in their tsconfig. Remove this property to resolve this issue."

The 'typecheck' target is disabled because one or more project references set 'noEmit: true' in their tsconfig. Remove this property to resolve this issue.

> nx run storefront:test  [existing outputs match the cache, left as is]

> vitest

[2m14:35:42[22m [34m[@astrojs/node][39m Enabling sessions with filesystem storage
(node:24957) [MODULE_TYPELESS_PACKAGE_JSON] Warning: Module type of file:///private/tmp/md-siblings/postcss.config.ts?t=1789648542196 is not specified and it doesn't parse as CommonJS.
Reparsing as ES module because module syntax was detected. This incurs a performance overhead.
To eliminate this warning, add "type": "module" to /private/tmp/md-siblings/package.json.
(Use `node --trace-warnings ...` to show where the warning was created)

 RUN  v4.1.9 /private/tmp/md-siblings/apps/storefront

 ✓ |@evanion/storefront| src/build.test.ts (3 tests) 4ms
 ✓ |@evanion/storefront| src/lib/shop-api.test.ts (9 tests) 63ms
 ✓ |@evanion/storefront| src/lib/cart.test.ts (20 tests) 8ms
 ✓ |@evanion/storefront| src/lib/catalogue.test.ts (22 tests) 5ms
 ✓ |@evanion/storefront:astro| src/components/baize-contract.astro.test.ts (9 tests) 67ms
stderr | src/regions/regions.astro.test.ts > the content region > renders each known widget in order
Unknown widget type "nyhetsbrev" for widget ID "skipped". Skipping render.

stderr | src/regions/regions.astro.test.ts > the content region > renders each known widget in order
Unknown widget type "kort" for widget ID "skipped-nested". Skipping render.

 ✓ |@evanion/storefront:astro| src/regions/regions.astro.test.ts (20 tests) 223ms

 Test Files  6 passed (6)
      Tests  83 passed (83)
   Start at  14:35:42
   Duration  5.24s (transform 7.70s, setup 0ms, import 9.22s, tests 370ms, environment 1ms)


> nx run admin:test  [existing outputs match the cache, left as is]

> vitest


 RUN  v4.1.9 /private/tmp/md-siblings/apps/admin

(node:30254) [MODULE_TYPELESS_PACKAGE_JSON] Warning: Module type of file:///private/tmp/md-siblings/postcss.config.ts?t=1789648556118 is not specified and it doesn't parse as CommonJS.
Reparsing as ES module because module syntax was detected. This incurs a performance overhead.
To eliminate this warning, add "type": "module" to /private/tmp/md-siblings/package.json.
(Use `node --trace-warnings ...` to show where the warning was created)
 ✓ |admin| tests/orders.spec.ts (7 tests) 6ms
 ✓ |admin| tests/shelf.spec.ts (9 tests) 5ms
 ✓ |admin| tests/server-render.spec.tsx (12 tests) 121ms

 Test Files  3 passed (3)
      Tests  28 passed (28)
   Start at  14:35:56
   Duration  1.05s (transform 300ms, setup 0ms, import 472ms, tests 132ms, environment 1.53s)


> nx run storefront-rsc:test  [existing outputs match the cache, left as is]

> vitest


 RUN  v4.1.9 /private/tmp/ppc-wt/apps/storefront-rsc

(node:39735) [MODULE_TYPELESS_PACKAGE_JSON] Warning: Module type of file:///private/tmp/ppc-wt/postcss.config.ts?t=1789653003542 is not specified and it doesn't parse as CommonJS.
Reparsing as ES module because module syntax was detected. This incurs a performance overhead.
To eliminate this warning, add "type": "module" to /private/tmp/ppc-wt/package.json.
(Use `node --trace-warnings ...` to show where the warning was created)
 ✓ |@evanion/storefront-rsc| app/region.server.test.tsx (6 tests) 128ms

 Test Files  1 passed (1)
      Tests  6 passed (6)
   Start at  15:50:03
   Duration  402ms (transform 114ms, setup 0ms, import 159ms, tests 128ms, environment 0ms)


> nx run docs:lint

> eslint .

[0m[0m
[0m[4m/private/tmp/ppc-wt/apps/docs/components/landing/DataDemo.tsx[24m[0m
[0m  [2m139:44[22m  [33mwarning[39m  Forbidden non-null assertion  [2m@typescript-eslint/no-non-null-assertion[22m[0m
[0m  [2m139:64[22m  [33mwarning[39m  Forbidden non-null assertion  [2m@typescript-eslint/no-non-null-assertion[22m[0m
[0m  [2m140:54[22m  [33mwarning[39m  Forbidden non-null assertion  [2m@typescript-eslint/no-non-null-assertion[22m[0m
[0m  [2m146:44[22m  [33mwarning[39m  Forbidden non-null assertion  [2m@typescript-eslint/no-non-null-assertion[22m[0m
[0m  [2m146:63[22m  [33mwarning[39m  Forbidden non-null assertion  [2m@typescript-eslint/no-non-null-assertion[22m[0m
[0m  [2m147:54[22m  [33mwarning[39m  Forbidden non-null assertion  [2m@typescript-eslint/no-non-null-assertion[22m[0m
[0m[0m
[0m[4m/private/tmp/ppc-wt/apps/docs/components/landing/access.test.tsx[24m[0m
[0m  [2m66:19[22m  [33mwarning[39m  Forbidden non-null assertion  [2m@typescript-eslint/no-non-null-assertion[22m[0m
[0m[0m
[0m[4m/private/tmp/ppc-wt/apps/docs/components/landing/families.ts[24m[0m
[0m  [2m42:65[22m  [33mwarning[39m  Forbidden non-null assertion  [2m@typescript-eslint/no-non-null-assertion[22m[0m
[0m[0m
[0m[4m/private/tmp/ppc-wt/apps/docs/components/landing/tree.test.ts[24m[0m
[0m  [2m24:34[22m  [33mwarning[39m  Forbidden non-null assertion  [2m@typescript-eslint/no-non-null-assertion[22m[0m
[0m  [2m38:22[22m  [33mwarning[39m  Forbidden non-null assertion  [2m@typescript-eslint/no-non-null-assertion[22m[0m
[0m  [2m38:39[22m  [33mwarning[39m  Forbidden non-null assertion  [2m@typescript-eslint/no-non-null-assertion[22m[0m
[0m  [2m56:12[22m  [33mwarning[39m  Forbidden non-null assertion  [2m@typescript-eslint/no-non-null-assertion[22m[0m
[0m  [2m56:12[22m  [33mwarning[39m  Forbidden non-null assertion  [2m@typescript-eslint/no-non-null-assertion[22m[0m
[0m  [2m64:12[22m  [33mwarning[39m  Forbidden non-null assertion  [2m@typescript-eslint/no-non-null-assertion[22m[0m
[0m  [2m64:12[22m  [33mwarning[39m  Forbidden non-null assertion  [2m@typescript-eslint/no-non-null-assertion[22m[0m
[0m  [2m75:7[22m   [33mwarning[39m  Forbidden non-null assertion  [2m@typescript-eslint/no-non-null-assertion[22m[0m
[0m  [2m75:7[22m   [33mwarning[39m  Forbidden non-null assertion  [2m@typescript-eslint/no-non-null-assertion[22m[0m
[0m[0m
[0m[4m/private/tmp/ppc-wt/apps/docs/components/landing/tree.ts[24m[0m
[0m  [2m49:19[22m  [33mwarning[39m  Forbidden non-null assertion  [2m@typescript-eslint/no-non-null-assertion[22m[0m
[0m  [2m50:20[22m  [33mwarning[39m  Forbidden non-null assertion  [2m@typescript-eslint/no-non-null-assertion[22m[0m
[0m[0m
[0m[33m[1m✖ 19 problems (0 errors, 19 warnings)[22m[39m[0m
[0m[33m[1m[22m[39m[0m

> nx run @evanion/repo-checks:test

> vitest

[33m[1m15:51:15[22m [WARN][39m Missing pages directory: src/pages

 RUN  v4.1.9 /private/tmp/ppc-wt/tools/repo-checks

(node:47236) [MODULE_TYPELESS_PACKAGE_JSON] Warning: Module type of file:///private/tmp/ppc-wt/postcss.config.ts?t=1789653075303 is not specified and it doesn't parse as CommonJS.
Reparsing as ES module because module syntax was detected. This incurs a performance overhead.
To eliminate this warning, add "type": "module" to /private/tmp/ppc-wt/package.json.
(Use `node --trace-warnings ...` to show where the warning was created)
 ✓ |@evanion/repo-checks| src/doc-prose-budget.test.ts (3 tests) 20ms
 ✓ |@evanion/repo-checks| src/docs-archive.test.ts (12 tests) 408ms
 ✓ |@evanion/repo-checks| src/tsc-emit-outside-build-output.test.ts (1 test) 1940ms
     ✓ stay out of directories another target owns  1939ms
 ✓ |@evanion/repo-checks| src/commitlint-scope-enum.test.ts (3 tests) 1925ms
     ✓ covers every project nx.json releases  1923ms
 ✓ |@evanion/repo-checks| src/docs-trigger.test.ts (16 tests) 1822ms
     ✓ covers every released package  1813ms
 ✓ |@evanion/repo-checks| src/tslib-dependency.test.ts (3 tests) 1967ms
     ✓ are declared by exactly the tsc-built packages that import helpers  1957ms
 ✓ |@evanion/repo-checks| src/project-folder-name.test.ts (13 tests) 1875ms
     ✓ is checked against a workspace that has its projects  1855ms
 ✓ |@evanion/repo-checks| src/blame-ignore-revs.test.ts (3 tests) 144ms
 ✓ |@evanion/repo-checks| src/doc-antithesis.test.ts (1 test) 97ms
 ✓ |@evanion/repo-checks| src/doc-control.test.ts (5 tests) 51ms
 ✓ |@evanion/repo-checks| src/docs-navigation.test.ts (16 tests) 2761ms
     ✓ names every released package  1853ms
     ✓ is found  502ms
 ✓ |@evanion/repo-checks| src/doc-floor.test.ts (4 tests) 91ms
 ✓ |@evanion/repo-checks| src/react-pair.test.ts (2 tests) 18ms
 ✓ |@evanion/repo-checks| src/inherited-type-keys.test.ts (21 tests) 6ms
 ✓ |@evanion/repo-checks| src/doc-specimen.test.ts (3 tests) 65ms
 ✓ |@evanion/repo-checks| src/diagram-captions.test.ts (1 test) 24ms
 ✓ |@evanion/repo-checks| src/generator-collateral.test.ts (5 tests) 8ms
 ✓ |@evanion/repo-checks| src/regions.test.ts (19 tests) 5ms
 ✓ |@evanion/repo-checks| src/doc-regions.test.ts (9 tests) 67ms
 ✓ |@evanion/repo-checks| src/expect-comments.test.ts (41 tests) 20ms
 ✓ |@evanion/repo-checks| src/doc-links.test.ts (2 tests) 3ms
 ✓ |@evanion/repo-checks| src/next-agent-rules.test.ts (3 tests) 3ms
 ✓ |@evanion/repo-checks| src/doc-md-siblings.test.ts (4 tests) 5ms
 ✓ |@evanion/repo-checks| src/doc-exports.test.ts (4 tests) 4633ms
     ✓ imports only names the package exports  2963ms
     ✓ names only packages and exports in a mermaid diagram  749ms
     ✓ documents a symbol the package exports in a signature fence  916ms
 ✓ |@evanion/repo-checks| src/doc-twoslash.test.ts (6 tests) 5521ms
     ✓ compiles, and still produces every error it declares  3471ms
     ✓ finds a doctested fence in more than one package  1055ms
     ✓ compiles  991ms
 ✓ |@evanion/repo-checks:astro| src/adapter-parity.astro.test.ts (3 tests) 33ms

 Test Files  26 passed (26)
      Tests  203 passed (203)
   Start at  15:51:15
   Duration  7.52s (transform 5.48s, setup 0ms, import 25.27s, tests 23.51s, environment 7ms)


> nx run docs:build

> next build

[1m[38;2;173;127;168m▲ Next.js 16.3.4[39m[22m (Turbopack)
[32m[1m✓[22m[39m Running next.config.ts took 127ms
- Experiments (use with caution):
  · optimizePackageImports

[37m[1m [22m[39m Creating an optimized production build ...
- [33mwarn[0m [nextra] Failed to get the last modified timestamp from Git for the file ../../../../../../private/tmp/ppc-wt/apps/docs/content/acl/federation.mdx
- [33mwarn[0m [nextra] Failed to get the last modified timestamp from Git for the file ../../../../../../private/tmp/ppc-wt/apps/docs/content/acl/publishing.mdx
[32m[1m✓[22m[39m Compiled successfully in 12.5s
[37m[1m [22m[39m Running TypeScript ...
[37m[1m [22m[39m Finished TypeScript in 2.3s ...
[37m[1m [22m[39m Collecting page data using 5 workers ...
[37m[1m [22m[39m Generating static pages using 5 workers (0/67) ...
[37m[1m [22m[39m Generating static pages using 5 workers (16/67) 
[37m[1m [22m[39m Generating static pages using 5 workers (33/67) 
[37m[1m [22m[39m Generating static pages using 5 workers (50/67) 
[32m[1m✓[22m[39m Generating static pages using 5 workers (67/67) in 1708ms
[37m[1m [22m[39m Finalizing page optimization ...

[4mRoute (app)[24m
┌ ○ /
├ ○ /_not-found
└   /[...mdxPath]
  ├ ● /acl/adopting
  ├ ● /acl/advanced
  ├ ● /acl/api
  └ ● [+61 more paths]


○  (Static)  prerendered as static content
●  (SSG)     prerendered as static HTML (uses [36mgenerateStaticParams[39m)


> nx run docs:test

> vitest


 RUN  v4.1.9 /private/tmp/ppc-wt/apps/docs

 ✓ |@evanion/docs| components/landing/platforms.test.ts (12 tests) 3ms
 ✓ |@evanion/docs| components/landing/tree.test.ts (13 tests) 5ms
 ✓ |@evanion/docs| components/ReleaseNotice.test.tsx (4 tests) 102ms
stderr | components/playground-examples.test.tsx > playground snippets > basic > renders the chrome the snippet asks for
Your app (or one of its dependencies) is using an outdated JSX transform. Update to the modern JSX transform for faster performance: https://react.dev/link/new-jsx-transform

 ✓ |@evanion/docs| components/playground-examples.test.tsx (8 tests) 96ms
 ✓ |@evanion/docs| components/probes/tested-region.test.tsx (23 tests) 124ms
 ✓ |@evanion/docs| components/landing/specimens.test.tsx (15 tests) 349ms
 ✓ |@evanion/docs| components/landing/access.test.tsx (9 tests) 309ms
 ✓ |@evanion/docs| components/diagram/diagram.test.ts (7 tests) 1087ms
     ✓ leaves no colour of its own in '/private/tmp/ppc-wt/apps/docs/content…'  1054ms
 ✓ |@evanion/docs| app/release-state.test.ts (7 tests) 1339ms

 Test Files  9 passed (9)
      Tests  98 passed (98)
   Start at  15:51:35
   Duration  2.87s (transform 1.60s, setup 1.30s, import 2.21s, tests 3.41s, environment 8.60s)




 NX   Successfully ran targets lint, test, build, typecheck, check for 20 projects and 1 task they depend on

Nx read the output from the cache instead of running the command for 72 out of 76 tasks.


 NX   Nx Cloud encountered some problems

This Nx Cloud organization has been disabled due to exceeding the FREE plan.
Your organization can be re-enabled immediately by an organization admin upgrading to the Team plan at https://cloud.nx.app/orgs/61abe421d2d39c00051998a2/plans. (code: 401)

  Run duration:      24.4s
  Cache:             72/76 hit (95%)
  Critical path:     22.5s (4 tasks)
  Recoverable time:  58ms (0% of the run)
