
 NX   Running target build for 17 projects:

- @evanion/nestjs-correlation-id
- storefront-rsc
- @evanion/astro-widget
- @evanion/baize-ui
- @evanion/react-widget
- storefront
- @evanion/react-acl
- @evanion/shop-api
- @evanion/compose
- @evanion/feature
- @evanion/widget
- @evanion/token
- admin
- @evanion/luhn
- docs
- @evanion/acl
- @evanion/urn



> nx run @evanion/baize-ui:build  [local cache]

> vite build

[36mvite v8.3.0 [32mbuilding client environment for production...[36m[39m
transforming...
[32m✓[0m 23 modules transformed.
(node:38955) [MODULE_TYPELESS_PACKAGE_JSON] Warning: Module type of file:///private/tmp/compose-pilot/postcss.config.ts?t=1789652078378 is not specified and it doesn't parse as CommonJS.
Reparsing as ES module because module syntax was detected. This incurs a performance overhead.
To eliminate this warning, add "type": "module" to /private/tmp/compose-pilot/package.json.
(Use `node --trace-warnings ...` to show where the warning was created)
rendering chunks...

[unplugin:dts] Start generate declaration files...
[unplugin:dts] Declaration files built in 876ms.

computing gzip size...
[2mdist/[0m[35mstyles.css                 [0m[1;2m31.82 kB[0m[2m │ gzip: 8.54 kB[0m
[2mdist/[0m[36mtokens/index.js            [0m[1;2m 4.59 kB[0m[2m │ gzip: 2.20 kB[0m
[2mdist/[0m[36mbox-art-scene-CHGcej-F.js  [0m[1;2m 5.07 kB[0m[2m │ gzip: 1.99 kB[0m
[2mdist/[0m[36mindex.js                   [0m[1;2m 7.58 kB[0m[2m │ gzip: 2.08 kB[0m

[32m✓ built in 1.12s[39m

> nx run @evanion/urn:build  [local cache]

> tsc --build tsconfig.lib.json


> nx run @evanion/widget:build  [local cache]

> tsc --build tsconfig.lib.json


> nx run @evanion/compose:build  [local cache]

> vite build

[36mvite v8.3.0 [32mbuilding client environment for production...[36m[39m
transforming...
[32m✓[0m 4 modules transformed.
(node:11683) [MODULE_TYPELESS_PACKAGE_JSON] Warning: Module type of file:///private/tmp/acl-fed/postcss.config.ts?t=1789651524655 is not specified and it doesn't parse as CommonJS.
Reparsing as ES module because module syntax was detected. This incurs a performance overhead.
To eliminate this warning, add "type": "module" to /private/tmp/acl-fed/package.json.
(Use `node --trace-warnings ...` to show where the warning was created)
rendering chunks...

[unplugin:dts] Start generate declaration files...
[unplugin:dts] Declaration files built in 582ms.

computing gzip size...
[2mdist/[0m[36mindex.js  [0m[1;2m1.17 kB[0m[2m │ gzip: 0.63 kB[0m

[32m✓ built in 660ms[39m

> nx run @evanion/acl:build  [local cache]

> tsc --build tsconfig.lib.json


> nx run @evanion/luhn:build  [local cache]

> tsc --build tsconfig.lib.json


> nx run @evanion/nestjs-correlation-id:build  [local cache]

> tsc --build tsconfig.lib.json


> nx run @evanion/feature:build  [local cache]

> tsc --build tsconfig.lib.json


> nx run @evanion/react-widget:build  [local cache]

> vite build

[36mvite v8.3.0 [32mbuilding client environment for production...[36m[39m
transforming...
[32m✓[0m 6 modules transformed.
(node:38960) [MODULE_TYPELESS_PACKAGE_JSON] Warning: Module type of file:///private/tmp/compose-pilot/postcss.config.ts?t=1789652078637 is not specified and it doesn't parse as CommonJS.
Reparsing as ES module because module syntax was detected. This incurs a performance overhead.
To eliminate this warning, add "type": "module" to /private/tmp/compose-pilot/package.json.
(Use `node --trace-warnings ...` to show where the warning was created)
rendering chunks...

[unplugin:dts] Start generate declaration files...
[unplugin:dts] Declaration files built in 727ms.

computing gzip size...
[2mdist/[0m[36mindex.js  [0m[1;2m2.11 kB[0m[2m │ gzip: 0.94 kB[0m

[32m✓ built in 805ms[39m

> nx run @evanion/astro-widget:build  [local cache]

> vite build

[36mvite v8.3.0 [32mbuilding client environment for production...[36m[39m
transforming...
[32m✓[0m 2 modules transformed.
rendering chunks...
(node:38963) [MODULE_TYPELESS_PACKAGE_JSON] Warning: Module type of file:///private/tmp/compose-pilot/postcss.config.ts?t=1789652078891 is not specified and it doesn't parse as CommonJS.
Reparsing as ES module because module syntax was detected. This incurs a performance overhead.
To eliminate this warning, add "type": "module" to /private/tmp/compose-pilot/package.json.
(Use `node --trace-warnings ...` to show where the warning was created)

[unplugin:dts] Start generate declaration files...
[unplugin:dts] Declaration files built in 985ms.

computing gzip size...
[2mdist/[0m[36mindex.js  [0m[1;2m0.21 kB[0m[2m │ gzip: 0.15 kB[0m

[32m✓ built in 1.05s[39m

> nx run @evanion/token:build  [local cache]

> tsc --build tsconfig.lib.json


> nx run @evanion/shop-api:build  [local cache]

> webpack-cli build

webpack compiled [1m[32msuccessfully[39m[22m (1a12400036a8aaf3)

> nx run @evanion/react-acl:build  [local cache]

> vite build

[36mvite v8.3.0 [32mbuilding client environment for production...[36m[39m
transforming...
[32m✓[0m 2 modules transformed.
rendering chunks...
(node:62937) [MODULE_TYPELESS_PACKAGE_JSON] Warning: Module type of file:///private/tmp/acl-fed/postcss.config.ts?t=1789650829390 is not specified and it doesn't parse as CommonJS.
Reparsing as ES module because module syntax was detected. This incurs a performance overhead.
To eliminate this warning, add "type": "module" to /private/tmp/acl-fed/package.json.
(Use `node --trace-warnings ...` to show where the warning was created)

[unplugin:dts] Start generate declaration files...
[unplugin:dts] Declaration files built in 568ms.

computing gzip size...
[2mdist/[0m[36mindex.js  [0m[1;2m1.27 kB[0m[2m │ gzip: 0.54 kB[0m

[32m✓ built in 685ms[39m

> nx run docs:build  [local cache]

> next build

[1m[38;2;173;127;168m▲ Next.js 16.3.4[39m[22m (Turbopack)
[32m[1m✓[22m[39m Running next.config.ts took 1610ms
- Experiments (use with caution):
  · optimizePackageImports

[37m[1m [22m[39m Creating an optimized production build ...
- [33mwarn[0m [nextra] Failed to get the last modified timestamp from Git for the file ../../../../../../private/tmp/acl-fed/apps/docs/content/luhn/standards.mdx
- [33mwarn[0m [nextra] Failed to get the last modified timestamp from Git for the file ../../../../../../private/tmp/acl-fed/apps/docs/content/luhn/migration.mdx
- [33mwarn[0m [nextra] Failed to get the last modified timestamp from Git for the file ../../../../../../private/tmp/acl-fed/apps/docs/content/feature/build-time.mdx
- [33mwarn[0m [nextra] Failed to get the last modified timestamp from Git for the file ../../../../../../private/tmp/acl-fed/apps/docs/content/acl/advanced.mdx
- [33mwarn[0m [nextra] Failed to get the last modified timestamp from Git for the file ../../../../../../private/tmp/acl-fed/apps/docs/content/token/alphabet.mdx
- [33mwarn[0m [nextra] Failed to get the last modified timestamp from Git for the file ../../../../../../private/tmp/acl-fed/apps/docs/content/feature/index.mdx
- [33mwarn[0m [nextra] Failed to get the last modified timestamp from Git for the file ../../../../../../private/tmp/acl-fed/apps/docs/content/urn/getting-started.mdx
- [33mwarn[0m [nextra] Failed to get the last modified timestamp from Git for the file ../../../../../../private/tmp/acl-fed/apps/docs/content/feature/api.mdx
- [33mwarn[0m [nextra] Failed to get the last modified timestamp from Git for the file ../../../../../../private/tmp/acl-fed/apps/docs/content/compose/type-checking.mdx
- [33mwarn[0m [nextra] Failed to get the last modified timestamp from Git for the file ../../../../../../private/tmp/acl-fed/apps/docs/content/urn/api.mdx
- [33mwarn[0m [nextra] Failed to get the last modified timestamp from Git for the file ../../../../../../private/tmp/acl-fed/apps/docs/content/urn/components.mdx
- [33mwarn[0m [nextra] Failed to get the last modified timestamp from Git for the file ../../../../../../private/tmp/acl-fed/apps/docs/content/token/entropy.mdx
- [33mwarn[0m [nextra] Failed to get the last modified timestamp from Git for the file ../../../../../../private/tmp/acl-fed/apps/docs/content/astro-widget/index.mdx
- [33mwarn[0m [nextra] Failed to get the last modified timestamp from Git for the file ../../../../../../private/tmp/acl-fed/apps/docs/content/acl/federation.mdx
- [33mwarn[0m [nextra] Failed to get the last modified timestamp from Git for the file ../../../../../../private/tmp/acl-fed/apps/docs/content/urn/index.mdx
- [33mwarn[0m [nextra] Failed to get the last modified timestamp from Git for the file ../../../../../../private/tmp/acl-fed/apps/docs/content/compose/api.mdx
- [33mwarn[0m [nextra] Failed to get the last modified timestamp from Git for the file ../../../../../../private/tmp/acl-fed/apps/docs/content/token/index.mdx
- [33mwarn[0m [nextra] Failed to get the last modified timestamp from Git for the file ../../../../../../private/tmp/acl-fed/apps/docs/content/feature/decisions.mdx
- [33mwarn[0m [nextra] Failed to get the last modified timestamp from Git for the file ../../../../../../private/tmp/acl-fed/apps/docs/content/token/api.mdx
- [33mwarn[0m [nextra] Failed to get the last modified timestamp from Git for the file ../../../../../../private/tmp/acl-fed/apps/docs/content/feature/rollouts.mdx
- [33mwarn[0m [nextra] Failed to get the last modified timestamp from Git for the file ../../../../../../private/tmp/acl-fed/apps/docs/content/feature/configuration.mdx
- [33mwarn[0m [nextra] Failed to get the last modified timestamp from Git for the file ../../../../../../private/tmp/acl-fed/apps/docs/content/compose/index.mdx
- [33mwarn[0m [nextra] Failed to get the last modified timestamp from Git for the file ../../../../../../private/tmp/acl-fed/apps/docs/content/acl/security.mdx
- [33mwarn[0m [nextra] Failed to get the last modified timestamp from Git for the file ../../../../../../private/tmp/acl-fed/apps/docs/content/react-widget/advanced.mdx
- [33mwarn[0m [nextra] Failed to get the last modified timestamp from Git for the file ../../../../../../private/tmp/acl-fed/apps/docs/content/acl/refusals.mdx
- [33mwarn[0m [nextra] Failed to get the last modified timestamp from Git for the file ../../../../../../private/tmp/acl-fed/apps/docs/content/nestjs-correlation-id/api.mdx
- [33mwarn[0m [nextra] Failed to get the last modified timestamp from Git for the file ../../../../../../private/tmp/acl-fed/apps/docs/content/acl/pitfalls.mdx
- [33mwarn[0m [nextra] Failed to get the last modified timestamp from Git for the file ../../../../../../private/tmp/acl-fed/apps/docs/content/react-widget/playground.mdx
- [33mwarn[0m [nextra] Failed to get the last modified timestamp from Git for the file ../../../../../../private/tmp/acl-fed/apps/docs/content/acl/platforms.mdx
- [33mwarn[0m [nextra] Failed to get the last modified timestamp from Git for the file ../../../../../../private/tmp/acl-fed/apps/docs/content/luhn/index.mdx
- [33mwarn[0m [nextra] Failed to get the last modified timestamp from Git for the file ../../../../../../private/tmp/acl-fed/apps/docs/content/acl/simple.mdx
- [33mwarn[0m [nextra] Failed to get the last modified timestamp from Git for the file ../../../../../../private/tmp/acl-fed/apps/docs/content/token/usage.mdx
- [33mwarn[0m [nextra] Failed to get the last modified timestamp from Git for the file ../../../../../../private/tmp/acl-fed/apps/docs/content/astro-widget/validation.mdx
- [33mwarn[0m [nextra] Failed to get the last modified timestamp from Git for the file ../../../../../../private/tmp/acl-fed/apps/docs/content/react-widget/index.mdx
- [33mwarn[0m [nextra] Failed to get the last modified timestamp from Git for the file ../../../../../../private/tmp/acl-fed/apps/docs/content/acl/next-rsc.mdx
- [33mwarn[0m [nextra] Failed to get the last modified timestamp from Git for the file ../../../../../../private/tmp/acl-fed/apps/docs/content/react-widget/examples.mdx
- [33mwarn[0m [nextra] Failed to get the last modified timestamp from Git for the file ../../../../../../private/tmp/acl-fed/apps/docs/content/acl/index.mdx
- [33mwarn[0m [nextra] Failed to get the last modified timestamp from Git for the file ../../../../../../private/tmp/acl-fed/apps/docs/content/react-widget/api.mdx
- [33mwarn[0m [nextra] Failed to get the last modified timestamp from Git for the file ../../../../../../private/tmp/acl-fed/apps/docs/content/acl/writing.mdx
- [33mwarn[0m [nextra] Failed to get the last modified timestamp from Git for the file ../../../../../../private/tmp/acl-fed/apps/docs/content/nestjs-correlation-id/index.mdx
- [33mwarn[0m [nextra] Failed to get the last modified timestamp from Git for the file ../../../../../../private/tmp/acl-fed/apps/docs/content/acl/matrix.mdx
- [33mwarn[0m [nextra] Failed to get the last modified timestamp from Git for the file ../../../../../../private/tmp/acl-fed/apps/docs/content/acl/nestjs.mdx
- [33mwarn[0m [nextra] Failed to get the last modified timestamp from Git for the file ../../../../../../private/tmp/acl-fed/apps/docs/content/acl/api.mdx
- [33mwarn[0m [nextra] Failed to get the last modified timestamp from Git for the file ../../../../../../private/tmp/acl-fed/apps/docs/content/acl/intermediate.mdx
- [33mwarn[0m [nextra] Failed to get the last modified timestamp from Git for the file ../../../../../../private/tmp/acl-fed/apps/docs/content/acl/react-router.mdx
- [33mwarn[0m [nextra] Failed to get the last modified timestamp from Git for the file ../../../../../../private/tmp/acl-fed/apps/docs/content/acl/express.mdx
- [33mwarn[0m [nextra] Failed to get the last modified timestamp from Git for the file ../../../../../../private/tmp/acl-fed/apps/docs/content/acl/fields.mdx
- [33mwarn[0m [nextra] Failed to get the last modified timestamp from Git for the file ../../../../../../private/tmp/acl-fed/apps/docs/content/acl/adopting.mdx
- [33mwarn[0m [nextra] Failed to get the last modified timestamp from Git for the file ../../../../../../private/tmp/acl-fed/apps/docs/content/acl/decisions.mdx
- [33mwarn[0m [nextra] Failed to get the last modified timestamp from Git for the file ../../../../../../private/tmp/acl-fed/apps/docs/content/acl/interface.mdx
- [33mwarn[0m [nextra] Failed to get the last modified timestamp from Git for the file ../../../../../../private/tmp/acl-fed/apps/docs/content/acl/capabilities.mdx
- [33mwarn[0m [nextra] Failed to get the last modified timestamp from Git for the file ../../../../../../private/tmp/acl-fed/apps/docs/content/astro-widget/api.mdx
- [33mwarn[0m [nextra] Failed to get the last modified timestamp from Git for the file ../../../../../../private/tmp/acl-fed/apps/docs/content/luhn/api.mdx
- [33mwarn[0m [nextra] Failed to get the last modified timestamp from Git for the file ../../../../../../private/tmp/acl-fed/apps/docs/content/nestjs-correlation-id/getting-started.mdx
- [33mwarn[0m [nextra] Failed to get the last modified timestamp from Git for the file ../../../../../../private/tmp/acl-fed/apps/docs/content/acl/asking.mdx
- [33mwarn[0m [nextra] Failed to get the last modified timestamp from Git for the file ../../../../../../private/tmp/acl-fed/apps/docs/content/astro-widget/getting-started.mdx
- [33mwarn[0m [nextra] Failed to get the last modified timestamp from Git for the file ../../../../../../private/tmp/acl-fed/apps/docs/content/nestjs-correlation-id/configuration.mdx
- [33mwarn[0m [nextra] Failed to get the last modified timestamp from Git for the file ../../../../../../private/tmp/acl-fed/apps/docs/content/feature/react.mdx
- [33mwarn[0m [nextra] Failed to get the last modified timestamp from Git for the file ../../../../../../private/tmp/acl-fed/apps/docs/content/luhn/dictionaries.mdx
- [33mwarn[0m [nextra] Failed to get the last modified timestamp from Git for the file ../../../../../../private/tmp/acl-fed/apps/docs/content/acl/authoring.mdx
- [33mwarn[0m [nextra] Failed to get the last modified timestamp from Git for the file ../../../../../../private/tmp/acl-fed/apps/docs/content/react-widget/getting-started.mdx
- [33mwarn[0m [nextra] Failed to get the last modified timestamp from Git for the file ../../../../../../private/tmp/acl-fed/apps/docs/content/luhn/usage.mdx
- [33mwarn[0m [nextra] Failed to get the last modified timestamp from Git for the file ../../../../../../private/tmp/acl-fed/apps/docs/content/urn/examples.mdx
[32m[1m✓[22m[39m Compiled successfully in 20.2s
[37m[1m [22m[39m Running TypeScript ...
[37m[1m [22m[39m Finished TypeScript in 2.8s ...
[37m[1m [22m[39m Collecting page data using 5 workers ...
[37m[1m [22m[39m Generating static pages using 5 workers (0/66) ...
[37m[1m [22m[39m Generating static pages using 5 workers (16/66) 
[37m[1m [22m[39m Generating static pages using 5 workers (32/66) 
[37m[1m [22m[39m Generating static pages using 5 workers (49/66) 
[32m[1m✓[22m[39m Generating static pages using 5 workers (66/66) in 1781ms
[37m[1m [22m[39m Finalizing page optimization ...

[4mRoute (app)[24m
┌ ○ /
├ ○ /_not-found
└   /[...mdxPath]
  ├ ● /acl/adopting
  ├ ● /acl/advanced
  ├ ● /acl/api
  └ ● [+60 more paths]


○  (Static)  prerendered as static content
●  (SSG)     prerendered as static HTML (uses [36mgenerateStaticParams[39m)


> nx run storefront-rsc:build  [local cache]

> next build

[1m[38;2;173;127;168m▲ Next.js 16.3.4[39m[22m (Turbopack)
[32m[1m✓[22m[39m Running next.config.ts took 75ms

[37m[1m [22m[39m Creating an optimized production build ...
[32m[1m✓[22m[39m Compiled successfully in 309ms
[37m[1m [22m[39m Running TypeScript ...
[37m[1m [22m[39m Finished TypeScript in 2.4s ...
[37m[1m [22m[39m Collecting page data using 4 workers ...
[37m[1m [22m[39m Generating static pages using 4 workers (0/3) ...
[32m[1m✓[22m[39m Generating static pages using 4 workers (3/3) in 653ms
[37m[1m [22m[39m Finalizing page optimization ...

[4mRoute (app)[24m
┌ ƒ /
└ ○ /_not-found


○  (Static)   prerendered as static content
ƒ  (Dynamic)  server-rendered on demand


> nx run storefront:build  [local cache]

> astro build

[2m15:25:27[22m [34m[@astrojs/node][39m Enabling sessions with filesystem storage
[2m15:25:27[22m [34m[types][39m Generated [2m73ms[22m
[2m15:25:27[22m [34m[build][39m output: [34m"server"[39m
[2m15:25:27[22m [34m[build][39m mode: [34m"server"[39m
[2m15:25:27[22m [34m[build][39m directory: [34m/private/tmp/acl-fed/apps/storefront/dist/[39m
[2m15:25:27[22m [34m[build][39m adapter: [32m@astrojs/node[39m
[2m15:25:27[22m [34m[build][39m Collecting build info...
[2m15:25:27[22m [34m[build][39m [32m✓ Completed in 110ms.[39m
[2m15:25:27[22m [34m[build][39m Building server entrypoints...
(node:11691) [MODULE_TYPELESS_PACKAGE_JSON] Warning: Module type of file:///private/tmp/acl-fed/postcss.config.ts?t=1789651527642 is not specified and it doesn't parse as CommonJS.
Reparsing as ES module because module syntax was detected. This incurs a performance overhead.
To eliminate this warning, add "type": "module" to /private/tmp/acl-fed/package.json.
(Use `node --trace-warnings ...` to show where the warning was created)
[2m15:25:27[22m [34m[vite][39m [32m✓ built in 292ms[39m
[2m15:25:28[22m [34m[vite][39m [32m✓ built in 216ms[39m
[2m15:25:28[22m [34m[vite][39m [32m✓ built in 11ms[39m
[2m15:25:28[22m [34m[build][39m Rearranging server assets...
[2m15:25:28[22m [34m[build][39m [32m✓ Completed in 548ms.[39m
[2m15:25:28[22m [34m[build][39m Server built in [1m664ms[22m
[2m15:25:28[22m [34m[build][39m [1mComplete![22m

> nx run admin:build  [local cache]

> react-router build

(node:11788) [MODULE_TYPELESS_PACKAGE_JSON] Warning: Module type of file:///private/tmp/acl-fed/postcss.config.ts?t=1789651533811 is not specified and it doesn't parse as CommonJS.
Reparsing as ES module because module syntax was detected. This incurs a performance overhead.
To eliminate this warning, add "type": "module" to /private/tmp/acl-fed/package.json.
(Use `node --trace-warnings ...` to show where the warning was created)
Using Vite Environment API
[36mvite v8.3.0 [32mbuilding client environment for production...[36m[39m
transforming...
[32m✓[0m 111 modules transformed.
rendering chunks...
computing gzip size...
[2mbuild/client/[0m[32m.vite/manifest.json                 [0m[1;2m  4.07 kB[0m[2m │ gzip:  0.70 kB[0m
[2mbuild/client/[0m[2massets/[0m[35mlayout-Dkl2GjO1.css          [0m[1;2m  3.47 kB[0m[2m │ gzip:  1.02 kB[0m
[2mbuild/client/[0m[2massets/[0m[35mstyles-8JOiKd-f.css          [0m[1;2m 19.57 kB[0m[2m │ gzip:  4.12 kB[0m
[2mbuild/client/[0m[2massets/[0m[36mshelf-D9wwCzS_.js            [0m[1;2m  0.92 kB[0m[2m │ gzip:  0.54 kB[0m
[2mbuild/client/[0m[2massets/[0m[36mproviders-CGhqzBMt.js        [0m[1;2m  0.93 kB[0m[2m │ gzip:  0.48 kB[0m
[2mbuild/client/[0m[2massets/[0m[36morders-BC1oznNR.js           [0m[1;2m  1.23 kB[0m[2m │ gzip:  0.69 kB[0m
[2mbuild/client/[0m[2massets/[0m[36mroot-DN7TZHZT.js             [0m[1;2m  1.23 kB[0m[2m │ gzip:  0.67 kB[0m
[2mbuild/client/[0m[2massets/[0m[36mledger-DiGondvg.js           [0m[1;2m  2.99 kB[0m[2m │ gzip:  1.00 kB[0m
[2mbuild/client/[0m[2massets/[0m[36mdist-DIgp0KI6.js             [0m[1;2m  3.25 kB[0m[2m │ gzip:  1.35 kB[0m
[2mbuild/client/[0m[2massets/[0m[36mtitle-Cvg0F3fM.js            [0m[1;2m  3.74 kB[0m[2m │ gzip:  1.59 kB[0m
[2mbuild/client/[0m[2massets/[0m[36mshell-zIcpIHNU.js            [0m[1;2m  3.87 kB[0m[2m │ gzip:  1.55 kB[0m
[2mbuild/client/[0m[2massets/[0m[36mdashboard-5ptLEAfy.js        [0m[1;2m  4.50 kB[0m[2m │ gzip:  1.67 kB[0m
[2mbuild/client/[0m[2massets/[0m[36mcatalogue-D1W6f74l.js        [0m[1;2m  8.13 kB[0m[2m │ gzip:  3.42 kB[0m
[2mbuild/client/[0m[2massets/[0m[36mlib-BCfsZIYU.js              [0m[1;2m 10.22 kB[0m[2m │ gzip:  4.07 kB[0m
[2mbuild/client/[0m[2massets/[0m[36merrorBoundaries-ChFtoCll.js  [0m[1;2m 33.33 kB[0m[2m │ gzip: 11.66 kB[0m
[2mbuild/client/[0m[2massets/[0m[36mjsx-runtime-CrRyCA9H.js      [0m[1;2m 85.82 kB[0m[2m │ gzip: 28.56 kB[0m
[2mbuild/client/[0m[2massets/[0m[36mentry.client-DI6eBv9i.js     [0m[1;2m214.72 kB[0m[2m │ gzip: 67.17 kB[0m

[32m✓ built in 530ms[39m
[36mvite v8.3.0 [32mbuilding ssr environment for production...[36m[39m
transforming...
[32m✓[0m 37 modules transformed.
rendering chunks...

[32m✓[39m 2 assets cleaned from React Router server build.
[2mbuild/client/assets/layout-Dkl2GjO1.css[22m
[2mbuild/client/assets/styles-8JOiKd-f.css[22m

computing gzip size...
[2mbuild/server/[0m[32m.vite/manifest.json         [0m[1;2m 0.60 kB[0m[2m │ gzip:  0.24 kB[0m
[2mbuild/server/[0m[2massets/[0m[35mlayout-Dkl2GjO1.css  [0m[1;2m 3.47 kB[0m[2m │ gzip:  1.02 kB[0m
[2mbuild/server/[0m[2massets/[0m[35mstyles-8JOiKd-f.css  [0m[1;2m19.57 kB[0m[2m │ gzip:  4.12 kB[0m
[2mbuild/server/[0m[36mindex.js                    [0m[1;2m88.21 kB[0m[2m │ gzip: 25.59 kB[0m

[32m✓ built in 219ms[39m



 NX   Successfully ran target build for 17 projects

Nx read the output from the cache instead of running the command for 17 out of 17 tasks.


 NX   Nx Cloud encountered some problems

This Nx Cloud organization has been disabled due to exceeding the FREE plan.
Your organization can be re-enabled immediately by an organization admin upgrading to the Team plan at https://cloud.nx.app/orgs/61abe421d2d39c00051998a2/plans. (code: 401)

  Run duration:      3.8s
  Cache:             17/17 hit (100%)
  Critical path:     3.2s (3 tasks)
  Recoverable time:  <1ms
